// Vitest Snapshot v1, https://vitest.dev/guide/snapshot.html

exports[`BlocksRenderer — snapshot > renders a complex composition consistently 1`] = `
<div>
  <div>
    <h1
      class="font-heading text-4xl text-white mt-10 mb-4"
    >
      My Article
    </h1>
    <p
      class="text-white/80 leading-relaxed mb-6"
    >
      Some 
      <strong>
        bold
      </strong>
       text with 
      <code
        class="rounded px-1 py-0.5 text-sm font-mono"
        style="background: oklch(0.2 0.04 170); color: oklch(0.75 0.14 170);"
      >
        code()
      </code>
    </p>
    <ul
      class="mb-6 pl-6 text-white/80 leading-relaxed space-y-1 list-disc"
    >
      <li>
        First
      </li>
      <li>
        Second
      </li>
    </ul>
    <blockquote
      class="my-6 pl-5 py-2 text-white/70 italic text-lg leading-relaxed"
      style="border-left: 3px solid oklch(0.55 0.14 170);"
    >
      Inspirational quote
    </blockquote>
    <pre
      class="rounded-xl p-5 mb-6 overflow-x-auto text-sm font-mono leading-relaxed"
      style="background: oklch(0.16 0.04 170); border: 1px solid oklch(0.26 0.06 170); color: oklch(0.8 0.08 170);"
    >
      <code>
        npm install
      </code>
    </pre>
  </div>
</div>
`;
